------------------------------------------------------------
Timing Analyzer Summary
------------------------------------------------------------

Type  : Slow 1200mV 85C Model Setup 'clock_generator:inst80|inst9'
Slack : -3.045
TNS   : -6.068

Type  : Slow 1200mV 85C Model Setup 'Clock'
Slack : -2.354
TNS   : -6.596

Type  : Slow 1200mV 85C Model Setup 'clock_generator:inst80|clock_divider_1024:inst|inst10'
Slack : -2.309
TNS   : -6.644

Type  : Slow 1200mV 85C Model Setup 'clock_generator:inst80|clock_divider_1024:inst8|inst10'
Slack : -2.202
TNS   : -4.613

Type  : Slow 1200mV 85C Model Hold 'clock_generator:inst80|inst9'
Slack : 0.386
TNS   : 0.000

Type  : Slow 1200mV 85C Model Hold 'Clock'
Slack : 0.402
TNS   : 0.000

Type  : Slow 1200mV 85C Model Hold 'clock_generator:inst80|clock_divider_1024:inst8|inst10'
Slack : 0.402
TNS   : 0.000

Type  : Slow 1200mV 85C Model Hold 'clock_generator:inst80|clock_divider_1024:inst|inst10'
Slack : 0.403
TNS   : 0.000

Type  : Slow 1200mV 85C Model Minimum Pulse Width 'Regiser_clock'
Slack : -3.000
TNS   : -23.560

Type  : Slow 1200mV 85C Model Minimum Pulse Width 'Clock'
Slack : -3.000
TNS   : -15.850

Type  : Slow 1200mV 85C Model Minimum Pulse Width 'Y[0]'
Slack : -3.000
TNS   : -3.000

Type  : Slow 1200mV 85C Model Minimum Pulse Width 'clock_generator:inst80|clock_divider_1024:inst|inst10'
Slack : -1.285
TNS   : -12.850

Type  : Slow 1200mV 85C Model Minimum Pulse Width 'clock_generator:inst80|clock_divider_1024:inst8|inst10'
Slack : -1.285
TNS   : -8.995

Type  : Slow 1200mV 85C Model Minimum Pulse Width 'clock_generator:inst80|inst9'
Slack : -1.285
TNS   : -2.570

Type  : Slow 1200mV 0C Model Setup 'clock_generator:inst80|inst9'
Slack : -2.748
TNS   : -5.476

Type  : Slow 1200mV 0C Model Setup 'Clock'
Slack : -2.064
TNS   : -5.111

Type  : Slow 1200mV 0C Model Setup 'clock_generator:inst80|clock_divider_1024:inst|inst10'
Slack : -2.032
TNS   : -5.165

Type  : Slow 1200mV 0C Model Setup 'clock_generator:inst80|clock_divider_1024:inst8|inst10'
Slack : -1.925
TNS   : -3.570

Type  : Slow 1200mV 0C Model Hold 'clock_generator:inst80|inst9'
Slack : 0.339
TNS   : 0.000

Type  : Slow 1200mV 0C Model Hold 'clock_generator:inst80|clock_divider_1024:inst8|inst10'
Slack : 0.352
TNS   : 0.000

Type  : Slow 1200mV 0C Model Hold 'Clock'
Slack : 0.354
TNS   : 0.000

Type  : Slow 1200mV 0C Model Hold 'clock_generator:inst80|clock_divider_1024:inst|inst10'
Slack : 0.354
TNS   : 0.000

Type  : Slow 1200mV 0C Model Minimum Pulse Width 'Regiser_clock'
Slack : -3.000
TNS   : -23.560

Type  : Slow 1200mV 0C Model Minimum Pulse Width 'Clock'
Slack : -3.000
TNS   : -15.850

Type  : Slow 1200mV 0C Model Minimum Pulse Width 'Y[0]'
Slack : -3.000
TNS   : -3.000

Type  : Slow 1200mV 0C Model Minimum Pulse Width 'clock_generator:inst80|clock_divider_1024:inst|inst10'
Slack : -1.285
TNS   : -12.850

Type  : Slow 1200mV 0C Model Minimum Pulse Width 'clock_generator:inst80|clock_divider_1024:inst8|inst10'
Slack : -1.285
TNS   : -8.995

Type  : Slow 1200mV 0C Model Minimum Pulse Width 'clock_generator:inst80|inst9'
Slack : -1.285
TNS   : -2.570

Type  : Fast 1200mV 0C Model Setup 'clock_generator:inst80|inst9'
Slack : -1.607
TNS   : -3.202

Type  : Fast 1200mV 0C Model Setup 'clock_generator:inst80|clock_divider_1024:inst8|inst10'
Slack : -0.698
TNS   : -0.698

Type  : Fast 1200mV 0C Model Setup 'Clock'
Slack : -0.672
TNS   : -0.672

Type  : Fast 1200mV 0C Model Setup 'clock_generator:inst80|clock_divider_1024:inst|inst10'
Slack : -0.647
TNS   : -0.647

Type  : Fast 1200mV 0C Model Hold 'clock_generator:inst80|inst9'
Slack : 0.174
TNS   : 0.000

Type  : Fast 1200mV 0C Model Hold 'clock_generator:inst80|clock_divider_1024:inst8|inst10'
Slack : 0.180
TNS   : 0.000

Type  : Fast 1200mV 0C Model Hold 'Clock'
Slack : 0.181
TNS   : 0.000

Type  : Fast 1200mV 0C Model Hold 'clock_generator:inst80|clock_divider_1024:inst|inst10'
Slack : 0.182
TNS   : 0.000

Type  : Fast 1200mV 0C Model Minimum Pulse Width 'Regiser_clock'
Slack : -3.000
TNS   : -20.572

Type  : Fast 1200mV 0C Model Minimum Pulse Width 'Clock'
Slack : -3.000
TNS   : -13.620

Type  : Fast 1200mV 0C Model Minimum Pulse Width 'Y[0]'
Slack : -3.000
TNS   : -3.000

Type  : Fast 1200mV 0C Model Minimum Pulse Width 'clock_generator:inst80|clock_divider_1024:inst|inst10'
Slack : -1.000
TNS   : -10.000

Type  : Fast 1200mV 0C Model Minimum Pulse Width 'clock_generator:inst80|clock_divider_1024:inst8|inst10'
Slack : -1.000
TNS   : -7.000

Type  : Fast 1200mV 0C Model Minimum Pulse Width 'clock_generator:inst80|inst9'
Slack : -1.000
TNS   : -2.000

------------------------------------------------------------
